[2023-05-30T16:00:01.446+0700][gc,init] CardTable entry size: 512
[2023-05-30T16:00:01.446+0700][gc     ] Using G1
[2023-05-30T16:00:01.448+0700][gc,init] Version: 19.0.2+7-44 (release)
[2023-05-30T16:00:01.448+0700][gc,init] CPUs: 8 total, 8 available
[2023-05-30T16:00:01.448+0700][gc,init] Memory: 16384M
[2023-05-30T16:00:01.448+0700][gc,init] Large Page Support: Disabled
[2023-05-30T16:00:01.448+0700][gc,init] NUMA Support: Disabled
[2023-05-30T16:00:01.448+0700][gc,init] Compressed Oops: Enabled (Zero based)
[2023-05-30T16:00:01.448+0700][gc,init] Heap Region Size: 1M
[2023-05-30T16:00:01.448+0700][gc,init] Heap Min Capacity: 1G
[2023-05-30T16:00:01.448+0700][gc,init] Heap Initial Capacity: 1G
[2023-05-30T16:00:01.448+0700][gc,init] Heap Max Capacity: 1G
[2023-05-30T16:00:01.448+0700][gc,init] Pre-touch: Disabled
[2023-05-30T16:00:01.448+0700][gc,init] Parallel Workers: 8
[2023-05-30T16:00:01.448+0700][gc,init] Concurrent Workers: 2
[2023-05-30T16:00:01.448+0700][gc,init] Concurrent Refinement Workers: 8
[2023-05-30T16:00:01.448+0700][gc,init] Periodic GC: Disabled
[2023-05-30T16:00:01.448+0700][gc,metaspace] CDS archive(s) mapped at: [0x0000000800000000-0x0000000800c44000-0x0000000800c44000), size 12861440, SharedBaseAddress: 0x0000000800000000, ArchiveRelocationMode: 0.
[2023-05-30T16:00:01.448+0700][gc,metaspace] Compressed class space mapped at: 0x0000000801000000-0x0000000841000000, reserved size: 1073741824
[2023-05-30T16:00:01.448+0700][gc,metaspace] Narrow klass base: 0x0000000800000000, Narrow klass shift: 0, Narrow klass range: 0x100000000
[2023-05-30T16:00:01.918+0700][gc,start    ] GC(0) Pause Young (Normal) (G1 Evacuation Pause)
[2023-05-30T16:00:01.918+0700][gc,task     ] GC(0) Using 8 workers of 8 for evacuation
[2023-05-30T16:00:01.921+0700][gc,phases   ] GC(0)   Pre Evacuate Collection Set: 0.1ms
[2023-05-30T16:00:01.921+0700][gc,phases   ] GC(0)   Merge Heap Roots: 0.0ms
[2023-05-30T16:00:01.921+0700][gc,phases   ] GC(0)   Evacuate Collection Set: 1.8ms
[2023-05-30T16:00:01.921+0700][gc,phases   ] GC(0)   Post Evacuate Collection Set: 0.2ms
[2023-05-30T16:00:01.921+0700][gc,phases   ] GC(0)   Other: 0.2ms
[2023-05-30T16:00:01.921+0700][gc,heap     ] GC(0) Eden regions: 51->0(44)
[2023-05-30T16:00:01.921+0700][gc,heap     ] GC(0) Survivor regions: 0->7(7)
[2023-05-30T16:00:01.921+0700][gc,heap     ] GC(0) Old regions: 0->1
[2023-05-30T16:00:01.921+0700][gc,heap     ] GC(0) Archive regions: 2->2
[2023-05-30T16:00:01.921+0700][gc,heap     ] GC(0) Humongous regions: 0->0
[2023-05-30T16:00:01.921+0700][gc,metaspace] GC(0) Metaspace: 18303K(18496K)->18303K(18496K) NonClass: 16244K(16320K)->16244K(16320K) Class: 2059K(2176K)->2059K(2176K)
[2023-05-30T16:00:01.921+0700][gc          ] GC(0) Pause Young (Normal) (G1 Evacuation Pause) 51M->8M(1024M) 2.493ms
[2023-05-30T16:00:01.921+0700][gc,cpu      ] GC(0) User=0.01s Sys=0.00s Real=0.01s
[2023-05-30T16:00:02.000+0700][gc,start    ] GC(1) Pause Young (Concurrent Start) (Metadata GC Threshold)
[2023-05-30T16:00:02.000+0700][gc,task     ] GC(1) Using 8 workers of 8 for evacuation
[2023-05-30T16:00:02.003+0700][gc,phases   ] GC(1)   Pre Evacuate Collection Set: 0.1ms
[2023-05-30T16:00:02.003+0700][gc,phases   ] GC(1)   Merge Heap Roots: 0.0ms
[2023-05-30T16:00:02.003+0700][gc,phases   ] GC(1)   Evacuate Collection Set: 2.5ms
[2023-05-30T16:00:02.003+0700][gc,phases   ] GC(1)   Post Evacuate Collection Set: 0.2ms
[2023-05-30T16:00:02.003+0700][gc,phases   ] GC(1)   Other: 0.0ms
[2023-05-30T16:00:02.003+0700][gc,heap     ] GC(1) Eden regions: 12->0(49)
[2023-05-30T16:00:02.003+0700][gc,heap     ] GC(1) Survivor regions: 7->2(7)
[2023-05-30T16:00:02.003+0700][gc,heap     ] GC(1) Old regions: 1->7
[2023-05-30T16:00:02.003+0700][gc,heap     ] GC(1) Archive regions: 2->2
[2023-05-30T16:00:02.003+0700][gc,heap     ] GC(1) Humongous regions: 0->0
[2023-05-30T16:00:02.003+0700][gc,metaspace] GC(1) Metaspace: 21355K(21504K)->21355K(21504K) NonClass: 18920K(19008K)->18920K(19008K) Class: 2435K(2496K)->2435K(2496K)
[2023-05-30T16:00:02.003+0700][gc          ] GC(1) Pause Young (Concurrent Start) (Metadata GC Threshold) 19M->9M(1024M) 2.978ms
[2023-05-30T16:00:02.003+0700][gc          ] GC(2) Concurrent Mark Cycle
[2023-05-30T16:00:02.003+0700][gc,cpu      ] GC(1) User=0.01s Sys=0.00s Real=0.00s
[2023-05-30T16:00:02.003+0700][gc,marking  ] GC(2) Concurrent Clear Claimed Marks
[2023-05-30T16:00:02.003+0700][gc,marking  ] GC(2) Concurrent Clear Claimed Marks 0.013ms
[2023-05-30T16:00:02.003+0700][gc,marking  ] GC(2) Concurrent Scan Root Regions
[2023-05-30T16:00:02.004+0700][gc,marking  ] GC(2) Concurrent Scan Root Regions 1.403ms
[2023-05-30T16:00:02.004+0700][gc,marking  ] GC(2) Concurrent Mark
[2023-05-30T16:00:02.004+0700][gc,marking  ] GC(2) Concurrent Mark From Roots
[2023-05-30T16:00:02.004+0700][gc,task     ] GC(2) Using 2 workers of 2 for marking
[2023-05-30T16:00:02.006+0700][gc,marking  ] GC(2) Concurrent Mark From Roots 1.383ms
[2023-05-30T16:00:02.006+0700][gc,marking  ] GC(2) Concurrent Preclean
[2023-05-30T16:00:02.006+0700][gc,marking  ] GC(2) Concurrent Preclean 0.006ms
[2023-05-30T16:00:02.006+0700][gc,start    ] GC(2) Pause Remark
[2023-05-30T16:00:02.007+0700][gc          ] GC(2) Pause Remark 9M->9M(1024M) 0.959ms
[2023-05-30T16:00:02.007+0700][gc,cpu      ] GC(2) User=0.00s Sys=0.00s Real=0.00s
[2023-05-30T16:00:02.007+0700][gc,marking  ] GC(2) Concurrent Mark 2.472ms
[2023-05-30T16:00:02.007+0700][gc,marking  ] GC(2) Concurrent Rebuild Remembered Sets
[2023-05-30T16:00:02.007+0700][gc,marking  ] GC(2) Concurrent Rebuild Remembered Sets 0.003ms
[2023-05-30T16:00:02.007+0700][gc,start    ] GC(2) Pause Cleanup
[2023-05-30T16:00:02.007+0700][gc          ] GC(2) Pause Cleanup 9M->9M(1024M) 0.005ms
[2023-05-30T16:00:02.007+0700][gc,cpu      ] GC(2) User=0.00s Sys=0.00s Real=0.00s
[2023-05-30T16:00:02.007+0700][gc,marking  ] GC(2) Concurrent Cleanup for Next Mark
[2023-05-30T16:00:02.008+0700][gc,marking  ] GC(2) Concurrent Cleanup for Next Mark 1.253ms
[2023-05-30T16:00:02.008+0700][gc          ] GC(2) Concurrent Mark Cycle 5.301ms
[2023-05-30T16:00:02.484+0700][gc,start    ] GC(3) Pause Young (Normal) (G1 Evacuation Pause)
[2023-05-30T16:00:02.484+0700][gc,task     ] GC(3) Using 8 workers of 8 for evacuation
[2023-05-30T16:00:02.487+0700][gc,phases   ] GC(3)   Pre Evacuate Collection Set: 0.1ms
[2023-05-30T16:00:02.487+0700][gc,phases   ] GC(3)   Merge Heap Roots: 0.0ms
[2023-05-30T16:00:02.487+0700][gc,phases   ] GC(3)   Evacuate Collection Set: 2.1ms
[2023-05-30T16:00:02.487+0700][gc,phases   ] GC(3)   Post Evacuate Collection Set: 0.2ms
[2023-05-30T16:00:02.487+0700][gc,phases   ] GC(3)   Other: 0.0ms
[2023-05-30T16:00:02.487+0700][gc,heap     ] GC(3) Eden regions: 49->0(45)
[2023-05-30T16:00:02.487+0700][gc,heap     ] GC(3) Survivor regions: 2->6(7)
[2023-05-30T16:00:02.487+0700][gc,heap     ] GC(3) Old regions: 7->7
[2023-05-30T16:00:02.487+0700][gc,heap     ] GC(3) Archive regions: 2->2
[2023-05-30T16:00:02.487+0700][gc,heap     ] GC(3) Humongous regions: 129->129
[2023-05-30T16:00:02.487+0700][gc,metaspace] GC(3) Metaspace: 31219K(31616K)->31219K(31616K) NonClass: 27818K(28032K)->27818K(28032K) Class: 3401K(3584K)->3401K(3584K)
[2023-05-30T16:00:02.487+0700][gc          ] GC(3) Pause Young (Normal) (G1 Evacuation Pause) 187M->142M(1024M) 2.596ms
[2023-05-30T16:00:02.487+0700][gc,cpu      ] GC(3) User=0.01s Sys=0.00s Real=0.00s
[2023-05-30T16:00:02.587+0700][gc,start    ] GC(4) Pause Young (Concurrent Start) (Metadata GC Threshold)
[2023-05-30T16:00:02.587+0700][gc,task     ] GC(4) Using 8 workers of 8 for evacuation
[2023-05-30T16:00:02.591+0700][gc,phases   ] GC(4)   Pre Evacuate Collection Set: 0.1ms
[2023-05-30T16:00:02.591+0700][gc,phases   ] GC(4)   Merge Heap Roots: 0.0ms
[2023-05-30T16:00:02.591+0700][gc,phases   ] GC(4)   Evacuate Collection Set: 3.3ms
[2023-05-30T16:00:02.591+0700][gc,phases   ] GC(4)   Post Evacuate Collection Set: 0.2ms
[2023-05-30T16:00:02.591+0700][gc,phases   ] GC(4)   Other: 0.0ms
[2023-05-30T16:00:02.591+0700][gc,heap     ] GC(4) Eden regions: 19->0(48)
[2023-05-30T16:00:02.591+0700][gc,heap     ] GC(4) Survivor regions: 6->3(7)
[2023-05-30T16:00:02.591+0700][gc,heap     ] GC(4) Old regions: 7->12
[2023-05-30T16:00:02.591+0700][gc,heap     ] GC(4) Archive regions: 2->2
[2023-05-30T16:00:02.591+0700][gc,heap     ] GC(4) Humongous regions: 129->129
[2023-05-30T16:00:02.591+0700][gc,metaspace] GC(4) Metaspace: 35870K(36160K)->35870K(36160K) NonClass: 32032K(32192K)->32032K(32192K) Class: 3837K(3968K)->3837K(3968K)
[2023-05-30T16:00:02.591+0700][gc          ] GC(4) Pause Young (Concurrent Start) (Metadata GC Threshold) 161M->144M(1024M) 3.807ms
[2023-05-30T16:00:02.591+0700][gc,cpu      ] GC(4) User=0.02s Sys=0.00s Real=0.01s
[2023-05-30T16:00:02.591+0700][gc          ] GC(5) Concurrent Mark Cycle
[2023-05-30T16:00:02.591+0700][gc,marking  ] GC(5) Concurrent Clear Claimed Marks
[2023-05-30T16:00:02.591+0700][gc,marking  ] GC(5) Concurrent Clear Claimed Marks 0.008ms
[2023-05-30T16:00:02.591+0700][gc,marking  ] GC(5) Concurrent Scan Root Regions
[2023-05-30T16:00:02.593+0700][gc,marking  ] GC(5) Concurrent Scan Root Regions 1.507ms
[2023-05-30T16:00:02.593+0700][gc,marking  ] GC(5) Concurrent Mark
[2023-05-30T16:00:02.593+0700][gc,marking  ] GC(5) Concurrent Mark From Roots
[2023-05-30T16:00:02.593+0700][gc,task     ] GC(5) Using 2 workers of 2 for marking
[2023-05-30T16:00:02.597+0700][gc,marking  ] GC(5) Concurrent Mark From Roots 4.066ms
[2023-05-30T16:00:02.597+0700][gc,marking  ] GC(5) Concurrent Preclean
[2023-05-30T16:00:02.597+0700][gc,marking  ] GC(5) Concurrent Preclean 0.115ms
[2023-05-30T16:00:02.597+0700][gc,start    ] GC(5) Pause Remark
[2023-05-30T16:00:02.599+0700][gc          ] GC(5) Pause Remark 145M->145M(1024M) 1.386ms
[2023-05-30T16:00:02.599+0700][gc,cpu      ] GC(5) User=0.00s Sys=0.00s Real=0.00s
[2023-05-30T16:00:02.601+0700][gc,marking  ] GC(5) Concurrent Mark 8.485ms
[2023-05-30T16:00:02.601+0700][gc,marking  ] GC(5) Concurrent Rebuild Remembered Sets
[2023-05-30T16:00:02.601+0700][gc,marking  ] GC(5) Concurrent Rebuild Remembered Sets 0.004ms
[2023-05-30T16:00:02.601+0700][gc,start    ] GC(5) Pause Cleanup
[2023-05-30T16:00:02.601+0700][gc          ] GC(5) Pause Cleanup 146M->146M(1024M) 0.009ms
[2023-05-30T16:00:02.601+0700][gc,cpu      ] GC(5) User=0.00s Sys=0.00s Real=0.00s
[2023-05-30T16:00:02.602+0700][gc,marking  ] GC(5) Concurrent Cleanup for Next Mark
[2023-05-30T16:00:02.603+0700][gc,marking  ] GC(5) Concurrent Cleanup for Next Mark 1.934ms
[2023-05-30T16:00:02.604+0700][gc          ] GC(5) Concurrent Mark Cycle 12.283ms
[2023-05-30T16:01:27.411+0700][gc,start    ] GC(6) Pause Young (Normal) (G1 Evacuation Pause)
[2023-05-30T16:01:27.413+0700][gc,task     ] GC(6) Using 8 workers of 8 for evacuation
[2023-05-30T16:01:27.430+0700][gc,phases   ] GC(6)   Pre Evacuate Collection Set: 0.5ms
[2023-05-30T16:01:27.430+0700][gc,phases   ] GC(6)   Merge Heap Roots: 0.2ms
[2023-05-30T16:01:27.430+0700][gc,phases   ] GC(6)   Evacuate Collection Set: 15.2ms
[2023-05-30T16:01:27.430+0700][gc,phases   ] GC(6)   Post Evacuate Collection Set: 1.0ms
[2023-05-30T16:01:27.430+0700][gc,phases   ] GC(6)   Other: 0.2ms
[2023-05-30T16:01:27.430+0700][gc,heap     ] GC(6) Eden regions: 48->0(45)
[2023-05-30T16:01:27.430+0700][gc,heap     ] GC(6) Survivor regions: 3->6(7)
[2023-05-30T16:01:27.430+0700][gc,heap     ] GC(6) Old regions: 12->12
[2023-05-30T16:01:27.430+0700][gc,heap     ] GC(6) Archive regions: 2->2
[2023-05-30T16:01:27.430+0700][gc,heap     ] GC(6) Humongous regions: 183->129
[2023-05-30T16:01:27.430+0700][gc,metaspace] GC(6) Metaspace: 40784K(41344K)->40784K(41344K) NonClass: 36174K(36480K)->36174K(36480K) Class: 4609K(4864K)->4609K(4864K)
[2023-05-30T16:01:27.430+0700][gc          ] GC(6) Pause Young (Normal) (G1 Evacuation Pause) 246M->147M(1024M) 18.875ms
[2023-05-30T16:01:27.430+0700][gc,cpu      ] GC(6) User=0.03s Sys=0.02s Real=0.02s
[2023-05-30T16:04:38.318+0700][gc,start    ] GC(7) Pause Young (Normal) (G1 Evacuation Pause)
[2023-05-30T16:04:38.318+0700][gc,task     ] GC(7) Using 8 workers of 8 for evacuation
[2023-05-30T16:04:38.348+0700][gc,mmu      ] GC(7) MMU target violated: 21.0ms (20.0ms/21.0ms)
[2023-05-30T16:04:38.348+0700][gc,phases   ] GC(7)   Pre Evacuate Collection Set: 0.6ms
[2023-05-30T16:04:38.348+0700][gc,phases   ] GC(7)   Merge Heap Roots: 0.2ms
[2023-05-30T16:04:38.348+0700][gc,phases   ] GC(7)   Evacuate Collection Set: 27.3ms
[2023-05-30T16:04:38.348+0700][gc,phases   ] GC(7)   Post Evacuate Collection Set: 1.1ms
[2023-05-30T16:04:38.348+0700][gc,phases   ] GC(7)   Other: 0.3ms
[2023-05-30T16:04:38.348+0700][gc,heap     ] GC(7) Eden regions: 45->0(44)
[2023-05-30T16:04:38.348+0700][gc,heap     ] GC(7) Survivor regions: 6->7(7)
[2023-05-30T16:04:38.348+0700][gc,heap     ] GC(7) Old regions: 12->15
[2023-05-30T16:04:38.348+0700][gc,heap     ] GC(7) Archive regions: 2->2
[2023-05-30T16:04:38.348+0700][gc,heap     ] GC(7) Humongous regions: 129->129
[2023-05-30T16:04:38.348+0700][gc,metaspace] GC(7) Metaspace: 41980K(42624K)->41980K(42624K) NonClass: 37244K(37568K)->37244K(37568K) Class: 4736K(5056K)->4736K(5056K)
[2023-05-30T16:04:38.348+0700][gc          ] GC(7) Pause Young (Normal) (G1 Evacuation Pause) 192M->151M(1024M) 29.945ms
[2023-05-30T16:04:38.348+0700][gc,cpu      ] GC(7) User=0.04s Sys=0.04s Real=0.03s
[2023-05-30T16:08:32.584+0700][gc,start    ] GC(8) Pause Young (Normal) (G1 Evacuation Pause)
[2023-05-30T16:08:32.584+0700][gc,task     ] GC(8) Using 8 workers of 8 for evacuation
[2023-05-30T16:08:32.597+0700][gc,phases   ] GC(8)   Pre Evacuate Collection Set: 0.2ms
[2023-05-30T16:08:32.598+0700][gc,phases   ] GC(8)   Merge Heap Roots: 0.1ms
[2023-05-30T16:08:32.598+0700][gc,phases   ] GC(8)   Evacuate Collection Set: 12.9ms
[2023-05-30T16:08:32.598+0700][gc,phases   ] GC(8)   Post Evacuate Collection Set: 0.2ms
[2023-05-30T16:08:32.598+0700][gc,phases   ] GC(8)   Other: 0.1ms
[2023-05-30T16:08:32.598+0700][gc,heap     ] GC(8) Eden regions: 44->0(45)
[2023-05-30T16:08:32.598+0700][gc,heap     ] GC(8) Survivor regions: 7->6(7)
[2023-05-30T16:08:32.598+0700][gc,heap     ] GC(8) Old regions: 15->22
[2023-05-30T16:08:32.598+0700][gc,heap     ] GC(8) Archive regions: 2->2
[2023-05-30T16:08:32.598+0700][gc,heap     ] GC(8) Humongous regions: 129->129
[2023-05-30T16:08:32.598+0700][gc,metaspace] GC(8) Metaspace: 42018K(42624K)->42018K(42624K) NonClass: 37282K(37568K)->37282K(37568K) Class: 4736K(5056K)->4736K(5056K)
[2023-05-30T16:08:32.598+0700][gc          ] GC(8) Pause Young (Normal) (G1 Evacuation Pause) 195M->156M(1024M) 13.829ms
[2023-05-30T16:08:32.598+0700][gc,cpu      ] GC(8) User=0.05s Sys=0.00s Real=0.01s
[2023-05-30T16:12:08.138+0700][gc,start    ] GC(9) Pause Young (Normal) (G1 Evacuation Pause)
[2023-05-30T16:12:08.140+0700][gc,task     ] GC(9) Using 8 workers of 8 for evacuation
[2023-05-30T16:12:08.170+0700][gc,mmu      ] GC(9) MMU target violated: 21.0ms (20.0ms/21.0ms)
[2023-05-30T16:12:08.170+0700][gc,phases   ] GC(9)   Pre Evacuate Collection Set: 0.6ms
[2023-05-30T16:12:08.170+0700][gc,phases   ] GC(9)   Merge Heap Roots: 0.2ms
[2023-05-30T16:12:08.170+0700][gc,phases   ] GC(9)   Evacuate Collection Set: 29.3ms
[2023-05-30T16:12:08.170+0700][gc,phases   ] GC(9)   Post Evacuate Collection Set: 0.5ms
[2023-05-30T16:12:08.170+0700][gc,phases   ] GC(9)   Other: 0.3ms
[2023-05-30T16:12:08.171+0700][gc,heap     ] GC(9) Eden regions: 45->0(46)
[2023-05-30T16:12:08.171+0700][gc,heap     ] GC(9) Survivor regions: 6->5(7)
[2023-05-30T16:12:08.171+0700][gc,heap     ] GC(9) Old regions: 22->23
[2023-05-30T16:12:08.171+0700][gc,heap     ] GC(9) Archive regions: 2->2
[2023-05-30T16:12:08.171+0700][gc,heap     ] GC(9) Humongous regions: 129->129
[2023-05-30T16:12:08.171+0700][gc,metaspace] GC(9) Metaspace: 42199K(42816K)->42199K(42816K) NonClass: 37437K(37760K)->37437K(37760K) Class: 4761K(5056K)->4761K(5056K)
[2023-05-30T16:12:08.171+0700][gc          ] GC(9) Pause Young (Normal) (G1 Evacuation Pause) 201M->157M(1024M) 32.401ms
[2023-05-30T16:12:08.171+0700][gc,cpu      ] GC(9) User=0.03s Sys=0.05s Real=0.04s
[2023-05-30T16:15:59.330+0700][gc,start    ] GC(10) Pause Young (Normal) (G1 Evacuation Pause)
[2023-05-30T16:15:59.331+0700][gc,task     ] GC(10) Using 8 workers of 8 for evacuation
[2023-05-30T16:15:59.358+0700][gc,mmu      ] GC(10) MMU target violated: 21.0ms (20.0ms/21.0ms)
[2023-05-30T16:15:59.359+0700][gc,phases   ] GC(10)   Pre Evacuate Collection Set: 0.8ms
[2023-05-30T16:15:59.359+0700][gc,phases   ] GC(10)   Merge Heap Roots: 0.2ms
[2023-05-30T16:15:59.359+0700][gc,phases   ] GC(10)   Evacuate Collection Set: 25.9ms
[2023-05-30T16:15:59.359+0700][gc,phases   ] GC(10)   Post Evacuate Collection Set: 0.7ms
[2023-05-30T16:15:59.359+0700][gc,phases   ] GC(10)   Other: 0.3ms
[2023-05-30T16:15:59.359+0700][gc,heap     ] GC(10) Eden regions: 46->0(45)
[2023-05-30T16:15:59.359+0700][gc,heap     ] GC(10) Survivor regions: 5->6(7)
[2023-05-30T16:15:59.359+0700][gc,heap     ] GC(10) Old regions: 23->28
[2023-05-30T16:15:59.359+0700][gc,heap     ] GC(10) Archive regions: 2->2
[2023-05-30T16:15:59.359+0700][gc,heap     ] GC(10) Humongous regions: 129->129
[2023-05-30T16:15:59.359+0700][gc,metaspace] GC(10) Metaspace: 42222K(42880K)->42222K(42880K) NonClass: 37459K(37824K)->37459K(37824K) Class: 4762K(5056K)->4762K(5056K)
[2023-05-30T16:15:59.359+0700][gc          ] GC(10) Pause Young (Normal) (G1 Evacuation Pause) 203M->163M(1024M) 28.465ms
[2023-05-30T16:15:59.359+0700][gc,cpu      ] GC(10) User=0.04s Sys=0.04s Real=0.02s
[2023-05-30T16:19:48.478+0700][gc,start    ] GC(11) Pause Young (Normal) (G1 Evacuation Pause)
[2023-05-30T16:19:48.479+0700][gc,task     ] GC(11) Using 8 workers of 8 for evacuation
[2023-05-30T16:19:48.498+0700][gc,phases   ] GC(11)   Pre Evacuate Collection Set: 0.8ms
[2023-05-30T16:19:48.499+0700][gc,phases   ] GC(11)   Merge Heap Roots: 0.3ms
[2023-05-30T16:19:48.499+0700][gc,phases   ] GC(11)   Evacuate Collection Set: 18.3ms
[2023-05-30T16:19:48.499+0700][gc,phases   ] GC(11)   Post Evacuate Collection Set: 0.4ms
[2023-05-30T16:19:48.499+0700][gc,phases   ] GC(11)   Other: 0.2ms
[2023-05-30T16:19:48.499+0700][gc,heap     ] GC(11) Eden regions: 45->0(46)
[2023-05-30T16:19:48.499+0700][gc,heap     ] GC(11) Survivor regions: 6->5(7)
[2023-05-30T16:19:48.499+0700][gc,heap     ] GC(11) Old regions: 28->30
[2023-05-30T16:19:48.499+0700][gc,heap     ] GC(11) Archive regions: 2->2
[2023-05-30T16:19:48.499+0700][gc,heap     ] GC(11) Humongous regions: 129->129
[2023-05-30T16:19:48.499+0700][gc,metaspace] GC(11) Metaspace: 42242K(42880K)->42242K(42880K) NonClass: 37479K(37824K)->37479K(37824K) Class: 4762K(5056K)->4762K(5056K)
[2023-05-30T16:19:48.499+0700][gc          ] GC(11) Pause Young (Normal) (G1 Evacuation Pause) 208M->163M(1024M) 20.781ms
[2023-05-30T16:19:48.499+0700][gc,cpu      ] GC(11) User=0.03s Sys=0.04s Real=0.02s
[2023-05-30T16:23:13.838+0700][gc,start    ] GC(12) Pause Young (Normal) (G1 Evacuation Pause)
[2023-05-30T16:23:13.839+0700][gc,task     ] GC(12) Using 8 workers of 8 for evacuation
[2023-05-30T16:23:13.867+0700][gc,mmu      ] GC(12) MMU target violated: 21.0ms (20.0ms/21.0ms)
[2023-05-30T16:23:13.867+0700][gc,phases   ] GC(12)   Pre Evacuate Collection Set: 0.6ms
[2023-05-30T16:23:13.867+0700][gc,phases   ] GC(12)   Merge Heap Roots: 0.3ms
[2023-05-30T16:23:13.867+0700][gc,phases   ] GC(12)   Evacuate Collection Set: 26.0ms
[2023-05-30T16:23:13.867+0700][gc,phases   ] GC(12)   Post Evacuate Collection Set: 0.6ms
[2023-05-30T16:23:13.867+0700][gc,phases   ] GC(12)   Other: 0.3ms
[2023-05-30T16:23:13.867+0700][gc,heap     ] GC(12) Eden regions: 46->0(45)
[2023-05-30T16:23:13.867+0700][gc,heap     ] GC(12) Survivor regions: 5->6(7)
[2023-05-30T16:23:13.867+0700][gc,heap     ] GC(12) Old regions: 30->34
[2023-05-30T16:23:13.867+0700][gc,heap     ] GC(12) Archive regions: 2->2
[2023-05-30T16:23:13.867+0700][gc,heap     ] GC(12) Humongous regions: 129->129
[2023-05-30T16:23:13.867+0700][gc,metaspace] GC(12) Metaspace: 42783K(43456K)->42783K(43456K) NonClass: 37906K(38272K)->37906K(38272K) Class: 4877K(5184K)->4877K(5184K)
[2023-05-30T16:23:13.867+0700][gc          ] GC(12) Pause Young (Normal) (G1 Evacuation Pause) 209M->168M(1024M) 28.933ms
[2023-05-30T16:23:13.867+0700][gc,cpu      ] GC(12) User=0.05s Sys=0.03s Real=0.03s
[2023-05-30T16:25:27.830+0700][gc,start    ] GC(13) Pause Young (Normal) (G1 Evacuation Pause)
[2023-05-30T16:25:27.830+0700][gc,task     ] GC(13) Using 8 workers of 8 for evacuation
[2023-05-30T16:25:27.846+0700][gc,phases   ] GC(13)   Pre Evacuate Collection Set: 0.9ms
[2023-05-30T16:25:27.846+0700][gc,phases   ] GC(13)   Merge Heap Roots: 0.4ms
[2023-05-30T16:25:27.846+0700][gc,phases   ] GC(13)   Evacuate Collection Set: 13.6ms
[2023-05-30T16:25:27.846+0700][gc,phases   ] GC(13)   Post Evacuate Collection Set: 0.5ms
[2023-05-30T16:25:27.846+0700][gc,phases   ] GC(13)   Other: 0.2ms
[2023-05-30T16:25:27.846+0700][gc,heap     ] GC(13) Eden regions: 45->0(47)
[2023-05-30T16:25:27.846+0700][gc,heap     ] GC(13) Survivor regions: 6->4(7)
[2023-05-30T16:25:27.846+0700][gc,heap     ] GC(13) Old regions: 34->36
[2023-05-30T16:25:27.846+0700][gc,heap     ] GC(13) Archive regions: 2->2
[2023-05-30T16:25:27.846+0700][gc,heap     ] GC(13) Humongous regions: 129->129
[2023-05-30T16:25:27.846+0700][gc,metaspace] GC(13) Metaspace: 43037K(43712K)->43037K(43712K) NonClass: 38160K(38528K)->38160K(38528K) Class: 4877K(5184K)->4877K(5184K)
[2023-05-30T16:25:27.846+0700][gc          ] GC(13) Pause Young (Normal) (G1 Evacuation Pause) 213M->168M(1024M) 16.545ms
[2023-05-30T16:25:27.846+0700][gc,cpu      ] GC(13) User=0.02s Sys=0.01s Real=0.01s
[2023-05-30T16:26:08.508+0700][gc,start    ] GC(14) Pause Young (Normal) (G1 Evacuation Pause)
[2023-05-30T16:26:08.509+0700][gc,task     ] GC(14) Using 8 workers of 8 for evacuation
[2023-05-30T16:26:08.521+0700][gc,phases   ] GC(14)   Pre Evacuate Collection Set: 0.4ms
[2023-05-30T16:26:08.521+0700][gc,phases   ] GC(14)   Merge Heap Roots: 0.1ms
[2023-05-30T16:26:08.521+0700][gc,phases   ] GC(14)   Evacuate Collection Set: 10.9ms
[2023-05-30T16:26:08.521+0700][gc,phases   ] GC(14)   Post Evacuate Collection Set: 0.5ms
[2023-05-30T16:26:08.521+0700][gc,phases   ] GC(14)   Other: 0.2ms
[2023-05-30T16:26:08.521+0700][gc,heap     ] GC(14) Eden regions: 47->0(44)
[2023-05-30T16:26:08.521+0700][gc,heap     ] GC(14) Survivor regions: 4->7(7)
[2023-05-30T16:26:08.521+0700][gc,heap     ] GC(14) Old regions: 36->36
[2023-05-30T16:26:08.521+0700][gc,heap     ] GC(14) Archive regions: 2->2
[2023-05-30T16:26:08.521+0700][gc,heap     ] GC(14) Humongous regions: 129->129
[2023-05-30T16:26:08.521+0700][gc,metaspace] GC(14) Metaspace: 43381K(44032K)->43381K(44032K) NonClass: 38504K(38848K)->38504K(38848K) Class: 4877K(5184K)->4877K(5184K)
[2023-05-30T16:26:08.522+0700][gc          ] GC(14) Pause Young (Normal) (G1 Evacuation Pause) 215M->171M(1024M) 13.816ms
[2023-05-30T16:26:08.522+0700][gc,cpu      ] GC(14) User=0.03s Sys=0.00s Real=0.02s
[2023-05-30T16:28:15.493+0700][gc,start    ] GC(15) Pause Young (Normal) (G1 Evacuation Pause)
[2023-05-30T16:28:15.493+0700][gc,task     ] GC(15) Using 8 workers of 8 for evacuation
[2023-05-30T16:28:15.506+0700][gc,phases   ] GC(15)   Pre Evacuate Collection Set: 0.7ms
[2023-05-30T16:28:15.506+0700][gc,phases   ] GC(15)   Merge Heap Roots: 0.2ms
[2023-05-30T16:28:15.506+0700][gc,phases   ] GC(15)   Evacuate Collection Set: 10.7ms
[2023-05-30T16:28:15.506+0700][gc,phases   ] GC(15)   Post Evacuate Collection Set: 0.5ms
[2023-05-30T16:28:15.506+0700][gc,phases   ] GC(15)   Other: 0.2ms
[2023-05-30T16:28:15.506+0700][gc,heap     ] GC(15) Eden regions: 44->0(59)
[2023-05-30T16:28:15.506+0700][gc,heap     ] GC(15) Survivor regions: 7->4(7)
[2023-05-30T16:28:15.506+0700][gc,heap     ] GC(15) Old regions: 36->37
[2023-05-30T16:28:15.506+0700][gc,heap     ] GC(15) Archive regions: 2->2
[2023-05-30T16:28:15.506+0700][gc,heap     ] GC(15) Humongous regions: 129->129
[2023-05-30T16:28:15.506+0700][gc,metaspace] GC(15) Metaspace: 43544K(44224K)->43544K(44224K) NonClass: 38652K(39040K)->38652K(39040K) Class: 4892K(5184K)->4892K(5184K)
[2023-05-30T16:28:15.506+0700][gc          ] GC(15) Pause Young (Normal) (G1 Evacuation Pause) 215M->169M(1024M) 13.589ms
[2023-05-30T16:28:15.507+0700][gc,cpu      ] GC(15) User=0.04s Sys=0.01s Real=0.01s
[2023-05-30T16:51:52.754+0700][gc,start    ] GC(16) Pause Young (Normal) (G1 Evacuation Pause)
[2023-05-30T16:51:52.756+0700][gc,task     ] GC(16) Using 8 workers of 8 for evacuation
[2023-05-30T16:51:52.809+0700][gc,mmu      ] GC(16) MMU target violated: 21.0ms (20.0ms/21.0ms)
[2023-05-30T16:51:52.809+0700][gc,phases   ] GC(16)   Pre Evacuate Collection Set: 2.2ms
[2023-05-30T16:51:52.809+0700][gc,phases   ] GC(16)   Merge Heap Roots: 0.8ms
[2023-05-30T16:51:52.809+0700][gc,phases   ] GC(16)   Evacuate Collection Set: 49.3ms
[2023-05-30T16:51:52.809+0700][gc,phases   ] GC(16)   Post Evacuate Collection Set: 0.5ms
[2023-05-30T16:51:52.809+0700][gc,phases   ] GC(16)   Other: 0.4ms
[2023-05-30T16:51:52.809+0700][gc,heap     ] GC(16) Eden regions: 58->0(44)
[2023-05-30T16:51:52.809+0700][gc,heap     ] GC(16) Survivor regions: 4->7(8)
[2023-05-30T16:51:52.809+0700][gc,heap     ] GC(16) Old regions: 37->37
[2023-05-30T16:51:52.809+0700][gc,heap     ] GC(16) Archive regions: 2->2
[2023-05-30T16:51:52.809+0700][gc,heap     ] GC(16) Humongous regions: 129->129
[2023-05-30T16:51:52.809+0700][gc,metaspace] GC(16) Metaspace: 43643K(44288K)->43643K(44288K) NonClass: 38750K(39104K)->38750K(39104K) Class: 4893K(5184K)->4893K(5184K)
[2023-05-30T16:51:52.809+0700][gc          ] GC(16) Pause Young (Normal) (G1 Evacuation Pause) 227M->172M(1024M) 54.696ms
[2023-05-30T16:51:52.809+0700][gc,cpu      ] GC(16) User=0.03s Sys=0.06s Real=0.05s
